// Jest Snapshot v1, https://goo.gl/fbAQLP

exports[`(Component) ArticlePreview with default prop values renders and matches snapshot 1`] = `
ShallowWrapper {
  "length": 1,
  Symbol(enzyme.__root__): [Circular],
  Symbol(enzyme.__unrendered__): <ArticlePreview
    author="test"
    body="test body"
    category="test category"
    comments={0}
    id={0}
    images={Array []}
    likes={0}
    payout="0"
    permlink="test"
    tags={Array []}
    title="test title"
/>,
  Symbol(enzyme.__renderer__): Object {
    "batchedUpdates": [Function],
    "getNode": [Function],
    "render": [Function],
    "simulateEvent": [Function],
    "unmount": [Function],
  },
  Symbol(enzyme.__node__): Object {
    "instance": null,
    "key": null,
    "nodeType": "class",
    "props": Object {
      "children": Array [
        <styled.div>
          <styled.a>
                    test
          </styled.a>
           in 
          <styled.a>
                    #test category
          </styled.a>
</styled.div>,
        <styled.div>
          <styled.a
                    onClick={[Function]}
          >
                    test title
          </styled.a>
</styled.div>,
        <styled.div>
          <styled.a
                    onClick={[Function]}
          >
                    <styled.img
                              src={undefined}
                    />
          </styled.a>
</styled.div>,
        <styled.div>
          <styled.div>
                    <styled.i
                              className="fa fa-thumbs-up"
                    />
                    0 Likes
          </styled.div>
          <styled.div>
                    <styled.i
                              className="fa fa-usd"
                    />
                    0
          </styled.div>
          <styled.div>
                    <styled.i
                              className="fa fa-comments"
                    />
                    0
          </styled.div>
</styled.div>,
        false,
      ],
    },
    "ref": null,
    "rendered": Array [
      Object {
        "instance": null,
        "key": null,
        "nodeType": "class",
        "props": Object {
          "children": Array [
            <styled.a>
              test
</styled.a>,
            " in ",
            <styled.a>
              #test category
</styled.a>,
          ],
        },
        "ref": null,
        "rendered": Array [
          Object {
            "instance": null,
            "key": null,
            "nodeType": "class",
            "props": Object {
              "children": "test",
            },
            "ref": null,
            "rendered": "test",
            "type": [Function],
          },
          " in ",
          Object {
            "instance": null,
            "key": null,
            "nodeType": "class",
            "props": Object {
              "children": "#test category",
            },
            "ref": null,
            "rendered": "#test category",
            "type": [Function],
          },
        ],
        "type": [Function],
      },
      Object {
        "instance": null,
        "key": null,
        "nodeType": "class",
        "props": Object {
          "children": <styled.a
            onClick={[Function]}
>
            test title
</styled.a>,
        },
        "ref": null,
        "rendered": Object {
          "instance": null,
          "key": null,
          "nodeType": "class",
          "props": Object {
            "children": "test title",
            "onClick": [Function],
          },
          "ref": null,
          "rendered": "test title",
          "type": [Function],
        },
        "type": [Function],
      },
      Object {
        "instance": null,
        "key": null,
        "nodeType": "class",
        "props": Object {
          "children": <styled.a
            onClick={[Function]}
>
            <styled.img
                        src={undefined}
            />
</styled.a>,
        },
        "ref": null,
        "rendered": Object {
          "instance": null,
          "key": null,
          "nodeType": "class",
          "props": Object {
            "children": <styled.img
              src={undefined}
/>,
            "onClick": [Function],
          },
          "ref": null,
          "rendered": Object {
            "instance": null,
            "key": null,
            "nodeType": "class",
            "props": Object {
              "src": undefined,
            },
            "ref": null,
            "rendered": null,
            "type": [Function],
          },
          "type": [Function],
        },
        "type": [Function],
      },
      Object {
        "instance": null,
        "key": null,
        "nodeType": "class",
        "props": Object {
          "children": Array [
            <styled.div>
              <styled.i
                            className="fa fa-thumbs-up"
              />
              0 Likes
</styled.div>,
            <styled.div>
              <styled.i
                            className="fa fa-usd"
              />
              0
</styled.div>,
            <styled.div>
              <styled.i
                            className="fa fa-comments"
              />
              0
</styled.div>,
          ],
        },
        "ref": null,
        "rendered": Array [
          Object {
            "instance": null,
            "key": null,
            "nodeType": "class",
            "props": Object {
              "children": Array [
                <styled.i
                  className="fa fa-thumbs-up"
/>,
                "0 Likes",
              ],
            },
            "ref": null,
            "rendered": Array [
              Object {
                "instance": null,
                "key": null,
                "nodeType": "class",
                "props": Object {
                  "className": "fa fa-thumbs-up",
                },
                "ref": null,
                "rendered": null,
                "type": [Function],
              },
              "0 Likes",
            ],
            "type": [Function],
          },
          Object {
            "instance": null,
            "key": null,
            "nodeType": "class",
            "props": Object {
              "children": Array [
                <styled.i
                  className="fa fa-usd"
/>,
                "0",
              ],
            },
            "ref": null,
            "rendered": Array [
              Object {
                "instance": null,
                "key": null,
                "nodeType": "class",
                "props": Object {
                  "className": "fa fa-usd",
                },
                "ref": null,
                "rendered": null,
                "type": [Function],
              },
              "0",
            ],
            "type": [Function],
          },
          Object {
            "instance": null,
            "key": null,
            "nodeType": "class",
            "props": Object {
              "children": Array [
                <styled.i
                  className="fa fa-comments"
/>,
                0,
              ],
            },
            "ref": null,
            "rendered": Array [
              Object {
                "instance": null,
                "key": null,
                "nodeType": "class",
                "props": Object {
                  "className": "fa fa-comments",
                },
                "ref": null,
                "rendered": null,
                "type": [Function],
              },
              0,
            ],
            "type": [Function],
          },
        ],
        "type": [Function],
      },
      false,
    ],
    "type": [Function],
  },
  Symbol(enzyme.__nodes__): Array [
    Object {
      "instance": null,
      "key": null,
      "nodeType": "class",
      "props": Object {
        "children": Array [
          <styled.div>
            <styled.a>
                        test
            </styled.a>
             in 
            <styled.a>
                        #test category
            </styled.a>
</styled.div>,
          <styled.div>
            <styled.a
                        onClick={[Function]}
            >
                        test title
            </styled.a>
</styled.div>,
          <styled.div>
            <styled.a
                        onClick={[Function]}
            >
                        <styled.img
                                    src={undefined}
                        />
            </styled.a>
</styled.div>,
          <styled.div>
            <styled.div>
                        <styled.i
                                    className="fa fa-thumbs-up"
                        />
                        0 Likes
            </styled.div>
            <styled.div>
                        <styled.i
                                    className="fa fa-usd"
                        />
                        0
            </styled.div>
            <styled.div>
                        <styled.i
                                    className="fa fa-comments"
                        />
                        0
            </styled.div>
</styled.div>,
          false,
        ],
      },
      "ref": null,
      "rendered": Array [
        Object {
          "instance": null,
          "key": null,
          "nodeType": "class",
          "props": Object {
            "children": Array [
              <styled.a>
                test
</styled.a>,
              " in ",
              <styled.a>
                #test category
</styled.a>,
            ],
          },
          "ref": null,
          "rendered": Array [
            Object {
              "instance": null,
              "key": null,
              "nodeType": "class",
              "props": Object {
                "children": "test",
              },
              "ref": null,
              "rendered": "test",
              "type": [Function],
            },
            " in ",
            Object {
              "instance": null,
              "key": null,
              "nodeType": "class",
              "props": Object {
                "children": "#test category",
              },
              "ref": null,
              "rendered": "#test category",
              "type": [Function],
            },
          ],
          "type": [Function],
        },
        Object {
          "instance": null,
          "key": null,
          "nodeType": "class",
          "props": Object {
            "children": <styled.a
              onClick={[Function]}
>
              test title
</styled.a>,
          },
          "ref": null,
          "rendered": Object {
            "instance": null,
            "key": null,
            "nodeType": "class",
            "props": Object {
              "children": "test title",
              "onClick": [Function],
            },
            "ref": null,
            "rendered": "test title",
            "type": [Function],
          },
          "type": [Function],
        },
        Object {
          "instance": null,
          "key": null,
          "nodeType": "class",
          "props": Object {
            "children": <styled.a
              onClick={[Function]}
>
              <styled.img
                            src={undefined}
              />
</styled.a>,
          },
          "ref": null,
          "rendered": Object {
            "instance": null,
            "key": null,
            "nodeType": "class",
            "props": Object {
              "children": <styled.img
                src={undefined}
/>,
              "onClick": [Function],
            },
            "ref": null,
            "rendered": Object {
              "instance": null,
              "key": null,
              "nodeType": "class",
              "props": Object {
                "src": undefined,
              },
              "ref": null,
              "rendered": null,
              "type": [Function],
            },
            "type": [Function],
          },
          "type": [Function],
        },
        Object {
          "instance": null,
          "key": null,
          "nodeType": "class",
          "props": Object {
            "children": Array [
              <styled.div>
                <styled.i
                                className="fa fa-thumbs-up"
                />
                0 Likes
</styled.div>,
              <styled.div>
                <styled.i
                                className="fa fa-usd"
                />
                0
</styled.div>,
              <styled.div>
                <styled.i
                                className="fa fa-comments"
                />
                0
</styled.div>,
            ],
          },
          "ref": null,
          "rendered": Array [
            Object {
              "instance": null,
              "key": null,
              "nodeType": "class",
              "props": Object {
                "children": Array [
                  <styled.i
                    className="fa fa-thumbs-up"
/>,
                  "0 Likes",
                ],
              },
              "ref": null,
              "rendered": Array [
                Object {
                  "instance": null,
                  "key": null,
                  "nodeType": "class",
                  "props": Object {
                    "className": "fa fa-thumbs-up",
                  },
                  "ref": null,
                  "rendered": null,
                  "type": [Function],
                },
                "0 Likes",
              ],
              "type": [Function],
            },
            Object {
              "instance": null,
              "key": null,
              "nodeType": "class",
              "props": Object {
                "children": Array [
                  <styled.i
                    className="fa fa-usd"
/>,
                  "0",
                ],
              },
              "ref": null,
              "rendered": Array [
                Object {
                  "instance": null,
                  "key": null,
                  "nodeType": "class",
                  "props": Object {
                    "className": "fa fa-usd",
                  },
                  "ref": null,
                  "rendered": null,
                  "type": [Function],
                },
                "0",
              ],
              "type": [Function],
            },
            Object {
              "instance": null,
              "key": null,
              "nodeType": "class",
              "props": Object {
                "children": Array [
                  <styled.i
                    className="fa fa-comments"
/>,
                  0,
                ],
              },
              "ref": null,
              "rendered": Array [
                Object {
                  "instance": null,
                  "key": null,
                  "nodeType": "class",
                  "props": Object {
                    "className": "fa fa-comments",
                  },
                  "ref": null,
                  "rendered": null,
                  "type": [Function],
                },
                0,
              ],
              "type": [Function],
            },
          ],
          "type": [Function],
        },
        false,
      ],
      "type": [Function],
    },
  ],
  Symbol(enzyme.__options__): Object {
    "adapter": ReactSixteenAdapter {
      "options": Object {
        "enableComponentDidUpdateOnSetState": true,
      },
    },
  },
}
`;
