// Jest Snapshot v1, https://goo.gl/fbAQLP

exports[`(Component) Modal with default prop values renders and matches snapshot 1`] = `
ShallowWrapper {
  "length": 1,
  Symbol(enzyme.__root__): [Circular],
  Symbol(enzyme.__unrendered__): <Modal />,
  Symbol(enzyme.__renderer__): Object {
    "batchedUpdates": [Function],
    "getNode": [Function],
    "render": [Function],
    "simulateEvent": [Function],
    "unmount": [Function],
  },
  Symbol(enzyme.__node__): Object {
    "instance": null,
    "key": null,
    "nodeType": "class",
    "props": Object {
      "children": <styled.div
        onClick={undefined}
>
        <styled.div />
</styled.div>,
    },
    "ref": null,
    "rendered": Object {
      "instance": null,
      "key": null,
      "nodeType": "class",
      "props": Object {
        "children": <styled.div />,
        "onClick": undefined,
      },
      "ref": null,
      "rendered": Object {
        "instance": null,
        "key": null,
        "nodeType": "class",
        "props": Object {
          "children": undefined,
        },
        "ref": null,
        "rendered": null,
        "type": [Function],
      },
      "type": [Function],
    },
    "type": [Function],
  },
  Symbol(enzyme.__nodes__): Array [
    Object {
      "instance": null,
      "key": null,
      "nodeType": "class",
      "props": Object {
        "children": <styled.div
          onClick={undefined}
>
          <styled.div />
</styled.div>,
      },
      "ref": null,
      "rendered": Object {
        "instance": null,
        "key": null,
        "nodeType": "class",
        "props": Object {
          "children": <styled.div />,
          "onClick": undefined,
        },
        "ref": null,
        "rendered": Object {
          "instance": null,
          "key": null,
          "nodeType": "class",
          "props": Object {
            "children": undefined,
          },
          "ref": null,
          "rendered": null,
          "type": [Function],
        },
        "type": [Function],
      },
      "type": [Function],
    },
  ],
  Symbol(enzyme.__options__): Object {
    "adapter": ReactSixteenAdapter {
      "options": Object {
        "enableComponentDidUpdateOnSetState": true,
      },
    },
  },
}
`;
